======================================================================
  TeachRL — PPO Training Log
  Task:       adaptive_curriculum  🟡 Medium
  Started:    2026-04-26 11:24:13
  Seed:       42
  Timesteps:  200,000
  Envs:       4 parallel
  Net arch:   [128, 128]
----------------------------------------------------------------------
  PPO Hyperparameters:
    learning_rate          0.0002
    batch_size             256
    n_epochs               10
    gamma                  0.999
    gae_lambda             0.95
    clip_range             0.2
    ent_coef               0.02
    vf_coef                0.5
    max_grad_norm          0.5
======================================================================

  Step  10,000/200,000 (  5.0%) │ reward= 12.957 │ [██████░░░░░░░░░░░░░░░░░░░] │ fps= 2038 │ elapsed=00:04 │ eta=01:33
  Step  20,000/200,000 ( 10.0%) │ reward= 14.054 │ [███████░░░░░░░░░░░░░░░░░░] │ fps= 2033 │ elapsed=00:09 │ eta=01:28
  Step  30,000/200,000 ( 15.0%) │ reward= 15.325 │ [███████░░░░░░░░░░░░░░░░░░] │ fps= 1970 │ elapsed=00:15 │ eta=01:26
  Step  40,000/200,000 ( 20.0%) │ reward= 15.103 │ [███████░░░░░░░░░░░░░░░░░░] │ fps= 1934 │ elapsed=00:20 │ eta=01:22
  Step  50,000/200,000 ( 25.0%) │ reward= 15.528 │ [███████░░░░░░░░░░░░░░░░░░] │ fps= 1938 │ elapsed=00:25 │ eta=01:17
  Step  60,000/200,000 ( 30.0%) │ reward= 16.531 │ [████████░░░░░░░░░░░░░░░░░] │ fps= 1931 │ elapsed=00:31 │ eta=01:12
  Step  70,000/200,000 ( 35.0%) │ reward= 14.199 │ [███████░░░░░░░░░░░░░░░░░░] │ fps= 1938 │ elapsed=00:36 │ eta=01:07
  Step  80,000/200,000 ( 40.0%) │ reward= 17.668 │ [████████░░░░░░░░░░░░░░░░░] │ fps= 1949 │ elapsed=00:41 │ eta=01:01
  Step  90,000/200,000 ( 45.0%) │ reward= 15.300 │ [███████░░░░░░░░░░░░░░░░░░] │ fps= 1957 │ elapsed=00:45 │ eta=00:56
  Step 100,000/200,000 ( 50.0%) │ reward= 15.492 │ [███████░░░░░░░░░░░░░░░░░░] │ fps= 1958 │ elapsed=00:51 │ eta=00:51
  Step 110,000/200,000 ( 55.0%) │ reward= 14.330 │ [███████░░░░░░░░░░░░░░░░░░] │ fps= 1968 │ elapsed=00:55 │ eta=00:45
  Step 120,000/200,000 ( 60.0%) │ reward= 16.247 │ [████████░░░░░░░░░░░░░░░░░] │ fps= 1980 │ elapsed=01:00 │ eta=00:40
  Step 130,000/200,000 ( 65.0%) │ reward= 14.622 │ [███████░░░░░░░░░░░░░░░░░░] │ fps= 1974 │ elapsed=01:05 │ eta=00:35
  Step 140,000/200,000 ( 70.0%) │ reward= 17.140 │ [████████░░░░░░░░░░░░░░░░░] │ fps= 1969 │ elapsed=01:11 │ eta=00:30
  Step 150,000/200,000 ( 75.0%) │ reward= 16.076 │ [████████░░░░░░░░░░░░░░░░░] │ fps= 1966 │ elapsed=01:16 │ eta=00:25
  Step 160,000/200,000 ( 80.0%) │ reward= 16.095 │ [████████░░░░░░░░░░░░░░░░░] │ fps= 1965 │ elapsed=01:21 │ eta=00:20
  Step 170,000/200,000 ( 85.0%) │ reward= 18.398 │ [█████████░░░░░░░░░░░░░░░░] │ fps= 1963 │ elapsed=01:26 │ eta=00:15
  Step 180,000/200,000 ( 90.0%) │ reward= 16.330 │ [████████░░░░░░░░░░░░░░░░░] │ fps= 1966 │ elapsed=01:31 │ eta=00:10
  Step 190,000/200,000 ( 95.0%) │ reward= 17.993 │ [████████░░░░░░░░░░░░░░░░░] │ fps= 1965 │ elapsed=01:36 │ eta=00:05
  Step 200,000/200,000 (100.0%) │ reward= 18.166 │ [█████████░░░░░░░░░░░░░░░░] │ fps= 1964 │ elapsed=01:41 │ eta=00:00

======================================================================
  TRAINING COMPLETE
  Total time:    01:42
  Model saved:   /home/praneeth-yeddu/teachrl/teachrl2/models/ppo_adaptive_curriculum.zip
  Log file:      /home/praneeth-yeddu/teachrl/teachrl2/logs/run_20260426_112413/adaptive_curriculum/training_adaptive_curriculum.log
  Reward start:  14.1122 (mean of first 3 checkpoints)
  Reward end:    17.4961 (mean of last 3 checkpoints)
  Improvement:   +3.3840
  Peak reward:   18.3976 @ step 170,000
======================================================================
