======================================================================
  TeachRL — PPO Training Log
  Task:       self_play_escalation  🔴🔴 Expert
  Started:    2026-04-26 11:29:36
  Seed:       42
  Timesteps:  500,000
  Envs:       4 parallel
  Net arch:   [256, 256, 128]
----------------------------------------------------------------------
  PPO Hyperparameters:
    learning_rate          0.0002
    batch_size             256
    n_epochs               10
    gamma                  0.999
    gae_lambda             0.95
    clip_range             0.2
    ent_coef               0.02
    vf_coef                0.5
    max_grad_norm          0.5
======================================================================

  Step  10,000/500,000 (  2.0%) │ reward= 28.512 │ [████████░░░░░░░░░░░░░░░░░] │ fps= 1929 │ elapsed=00:05 │ eta=04:14
  Step  20,000/500,000 (  4.0%) │ reward= 28.291 │ [████████░░░░░░░░░░░░░░░░░] │ fps= 1937 │ elapsed=00:10 │ eta=04:07
  Step  30,000/500,000 (  6.0%) │ reward= 29.712 │ [█████████░░░░░░░░░░░░░░░░] │ fps= 1939 │ elapsed=00:15 │ eta=04:02
  Step  40,000/500,000 (  8.0%) │ reward= 29.872 │ [█████████░░░░░░░░░░░░░░░░] │ fps= 1938 │ elapsed=00:20 │ eta=03:57
  Step  50,000/500,000 ( 10.0%) │ reward= 29.802 │ [█████████░░░░░░░░░░░░░░░░] │ fps= 1936 │ elapsed=00:25 │ eta=03:52
  Step  60,000/500,000 ( 12.0%) │ reward= 30.293 │ [█████████░░░░░░░░░░░░░░░░] │ fps= 1934 │ elapsed=00:31 │ eta=03:47
  Step  70,000/500,000 ( 14.0%) │ reward= 30.488 │ [█████████░░░░░░░░░░░░░░░░] │ fps= 1931 │ elapsed=00:36 │ eta=03:42
  Step  80,000/500,000 ( 16.0%) │ reward= 31.251 │ [█████████░░░░░░░░░░░░░░░░] │ fps= 1926 │ elapsed=00:41 │ eta=03:38
  Step  90,000/500,000 ( 18.0%) │ reward= 31.307 │ [█████████░░░░░░░░░░░░░░░░] │ fps= 1933 │ elapsed=00:46 │ eta=03:32
  Step 100,000/500,000 ( 20.0%) │ reward= 31.382 │ [█████████░░░░░░░░░░░░░░░░] │ fps= 1926 │ elapsed=00:51 │ eta=03:27
  Step 110,000/500,000 ( 22.0%) │ reward= 31.895 │ [█████████░░░░░░░░░░░░░░░░] │ fps= 1921 │ elapsed=00:57 │ eta=03:22
  Step 120,000/500,000 ( 24.0%) │ reward= 31.861 │ [█████████░░░░░░░░░░░░░░░░] │ fps= 1917 │ elapsed=01:02 │ eta=03:18
  Step 130,000/500,000 ( 26.0%) │ reward= 31.792 │ [█████████░░░░░░░░░░░░░░░░] │ fps= 1914 │ elapsed=01:07 │ eta=03:13
  Step 140,000/500,000 ( 28.0%) │ reward= 32.236 │ [██████████░░░░░░░░░░░░░░░] │ fps= 1911 │ elapsed=01:13 │ eta=03:08
  Step 150,000/500,000 ( 30.0%) │ reward= 32.459 │ [██████████░░░░░░░░░░░░░░░] │ fps= 1908 │ elapsed=01:18 │ eta=03:03
  Step 160,000/500,000 ( 32.0%) │ reward= 32.897 │ [██████████░░░░░░░░░░░░░░░] │ fps= 1905 │ elapsed=01:23 │ eta=02:58
  Step 170,000/500,000 ( 34.0%) │ reward= 32.805 │ [██████████░░░░░░░░░░░░░░░] │ fps= 1902 │ elapsed=01:29 │ eta=02:53
  Step 180,000/500,000 ( 36.0%) │ reward= 32.731 │ [██████████░░░░░░░░░░░░░░░] │ fps= 1905 │ elapsed=01:34 │ eta=02:47
  Step 190,000/500,000 ( 38.0%) │ reward= 33.213 │ [██████████░░░░░░░░░░░░░░░] │ fps= 1901 │ elapsed=01:39 │ eta=02:43
  Step 200,000/500,000 ( 40.0%) │ reward= 33.305 │ [██████████░░░░░░░░░░░░░░░] │ fps= 1897 │ elapsed=01:45 │ eta=02:38
  Step 210,000/500,000 ( 42.0%) │ reward= 33.088 │ [██████████░░░░░░░░░░░░░░░] │ fps= 1894 │ elapsed=01:50 │ eta=02:33
  Step 220,000/500,000 ( 44.0%) │ reward= 33.112 │ [██████████░░░░░░░░░░░░░░░] │ fps= 1890 │ elapsed=01:56 │ eta=02:28
  Step 230,000/500,000 ( 46.0%) │ reward= 33.217 │ [██████████░░░░░░░░░░░░░░░] │ fps= 1887 │ elapsed=02:01 │ eta=02:23
  Step 240,000/500,000 ( 48.0%) │ reward= 33.411 │ [██████████░░░░░░░░░░░░░░░] │ fps= 1883 │ elapsed=02:07 │ eta=02:18
  Step 250,000/500,000 ( 50.0%) │ reward= 32.978 │ [██████████░░░░░░░░░░░░░░░] │ fps= 1880 │ elapsed=02:12 │ eta=02:12
  Step 260,000/500,000 ( 52.0%) │ reward= 33.523 │ [██████████░░░░░░░░░░░░░░░] │ fps= 1881 │ elapsed=02:18 │ eta=02:07
  Step 270,000/500,000 ( 54.0%) │ reward= 33.223 │ [██████████░░░░░░░░░░░░░░░] │ fps= 1877 │ elapsed=02:23 │ eta=02:02
  Step 280,000/500,000 ( 56.0%) │ reward= 33.549 │ [██████████░░░░░░░░░░░░░░░] │ fps= 1874 │ elapsed=02:29 │ eta=01:57
  Step 290,000/500,000 ( 58.0%) │ reward= 33.039 │ [██████████░░░░░░░░░░░░░░░] │ fps= 1871 │ elapsed=02:34 │ eta=01:52
  Step 300,000/500,000 ( 60.0%) │ reward= 33.496 │ [██████████░░░░░░░░░░░░░░░] │ fps= 1867 │ elapsed=02:40 │ eta=01:47
  Step 310,000/500,000 ( 62.0%) │ reward= 33.702 │ [██████████░░░░░░░░░░░░░░░] │ fps= 1864 │ elapsed=02:46 │ eta=01:41
  Step 320,000/500,000 ( 64.0%) │ reward= 33.492 │ [██████████░░░░░░░░░░░░░░░] │ fps= 1861 │ elapsed=02:51 │ eta=01:36
  Step 330,000/500,000 ( 66.0%) │ reward= 34.331 │ [██████████░░░░░░░░░░░░░░░] │ fps= 1857 │ elapsed=02:57 │ eta=01:31
  Step 340,000/500,000 ( 68.0%) │ reward= 33.832 │ [██████████░░░░░░░░░░░░░░░] │ fps= 1854 │ elapsed=03:03 │ eta=01:26
  Step 350,000/500,000 ( 70.0%) │ reward= 33.735 │ [██████████░░░░░░░░░░░░░░░] │ fps= 1854 │ elapsed=03:08 │ eta=01:20
  Step 360,000/500,000 ( 72.0%) │ reward= 33.920 │ [██████████░░░░░░░░░░░░░░░] │ fps= 1851 │ elapsed=03:14 │ eta=01:15
  Step 370,000/500,000 ( 74.0%) │ reward= 34.262 │ [██████████░░░░░░░░░░░░░░░] │ fps= 1848 │ elapsed=03:20 │ eta=01:10
  Step 380,000/500,000 ( 76.0%) │ reward= 33.899 │ [██████████░░░░░░░░░░░░░░░] │ fps= 1844 │ elapsed=03:26 │ eta=01:05
  Step 390,000/500,000 ( 78.0%) │ reward= 33.896 │ [██████████░░░░░░░░░░░░░░░] │ fps= 1841 │ elapsed=03:31 │ eta=00:59
  Step 400,000/500,000 ( 80.0%) │ reward= 34.082 │ [██████████░░░░░░░░░░░░░░░] │ fps= 1838 │ elapsed=03:37 │ eta=00:54
  Step 410,000/500,000 ( 82.0%) │ reward= 34.206 │ [██████████░░░░░░░░░░░░░░░] │ fps= 1835 │ elapsed=03:43 │ eta=00:49
  Step 420,000/500,000 ( 84.0%) │ reward= 34.311 │ [██████████░░░░░░░░░░░░░░░] │ fps= 1831 │ elapsed=03:49 │ eta=00:43
  Step 430,000/500,000 ( 86.0%) │ reward= 34.196 │ [██████████░░░░░░░░░░░░░░░] │ fps= 1830 │ elapsed=03:54 │ eta=00:38
  Step 440,000/500,000 ( 88.0%) │ reward= 34.104 │ [██████████░░░░░░░░░░░░░░░] │ fps= 1827 │ elapsed=04:00 │ eta=00:32
  Step 450,000/500,000 ( 90.0%) │ reward= 34.065 │ [██████████░░░░░░░░░░░░░░░] │ fps= 1824 │ elapsed=04:06 │ eta=00:27
  Step 460,000/500,000 ( 92.0%) │ reward= 34.327 │ [██████████░░░░░░░░░░░░░░░] │ fps= 1821 │ elapsed=04:12 │ eta=00:21
  Step 470,000/500,000 ( 94.0%) │ reward= 34.661 │ [██████████░░░░░░░░░░░░░░░] │ fps= 1818 │ elapsed=04:18 │ eta=00:16
  Step 480,000/500,000 ( 96.0%) │ reward= 34.276 │ [██████████░░░░░░░░░░░░░░░] │ fps= 1814 │ elapsed=04:24 │ eta=00:11
  Step 490,000/500,000 ( 98.0%) │ reward= 34.517 │ [██████████░░░░░░░░░░░░░░░] │ fps= 1811 │ elapsed=04:30 │ eta=00:05
  Step 500,000/500,000 (100.0%) │ reward= 34.252 │ [██████████░░░░░░░░░░░░░░░] │ fps= 1808 │ elapsed=04:36 │ eta=00:00

======================================================================
  TRAINING COMPLETE
  Total time:    04:37
  Model saved:   /home/praneeth-yeddu/teachrl/teachrl2/models/ppo_self_play_escalation.zip
  Log file:      /home/praneeth-yeddu/teachrl/teachrl2/logs/run_20260426_112936/self_play_escalation/training_self_play_escalation.log
  Reward start:  28.8383 (mean of first 3 checkpoints)
  Reward end:    34.3482 (mean of last 3 checkpoints)
  Improvement:   +5.5099
  Peak reward:   34.6612 @ step 470,000
======================================================================
