======================================================================
  TeachRL — PPO Training Log
  Task:       blind_teaching  🔴 Hard
  Started:    2026-04-26 11:26:01
  Seed:       42
  Timesteps:  400,000
  Envs:       4 parallel
  Net arch:   [256, 256, 128]
----------------------------------------------------------------------
  PPO Hyperparameters:
    learning_rate          0.0002
    batch_size             256
    n_epochs               10
    gamma                  0.999
    gae_lambda             0.95
    clip_range             0.2
    ent_coef               0.02
    vf_coef                0.5
    max_grad_norm          0.5
======================================================================

  Step  10,000/400,000 (  2.5%) │ reward= 28.316 │ [████████░░░░░░░░░░░░░░░░░] │ fps= 1714 │ elapsed=00:05 │ eta=03:47
  Step  20,000/400,000 (  5.0%) │ reward= 27.981 │ [████████░░░░░░░░░░░░░░░░░] │ fps= 1786 │ elapsed=00:11 │ eta=03:32
  Step  30,000/400,000 (  7.5%) │ reward= 29.724 │ [█████████░░░░░░░░░░░░░░░░] │ fps= 1828 │ elapsed=00:16 │ eta=03:22
  Step  40,000/400,000 ( 10.0%) │ reward= 29.791 │ [█████████░░░░░░░░░░░░░░░░] │ fps= 1853 │ elapsed=00:21 │ eta=03:14
  Step  50,000/400,000 ( 12.5%) │ reward= 29.502 │ [█████████░░░░░░░░░░░░░░░░] │ fps= 1872 │ elapsed=00:26 │ eta=03:06
  Step  60,000/400,000 ( 15.0%) │ reward= 30.401 │ [█████████░░░░░░░░░░░░░░░░] │ fps= 1886 │ elapsed=00:31 │ eta=03:00
  Step  70,000/400,000 ( 17.5%) │ reward= 30.581 │ [█████████░░░░░░░░░░░░░░░░] │ fps= 1896 │ elapsed=00:36 │ eta=02:54
  Step  80,000/400,000 ( 20.0%) │ reward= 30.992 │ [█████████░░░░░░░░░░░░░░░░] │ fps= 1894 │ elapsed=00:42 │ eta=02:48
  Step  90,000/400,000 ( 22.5%) │ reward= 31.425 │ [█████████░░░░░░░░░░░░░░░░] │ fps= 1900 │ elapsed=00:47 │ eta=02:43
  Step 100,000/400,000 ( 25.0%) │ reward= 31.625 │ [█████████░░░░░░░░░░░░░░░░] │ fps= 1886 │ elapsed=00:53 │ eta=02:39
  Step 110,000/400,000 ( 27.5%) │ reward= 32.108 │ [██████████░░░░░░░░░░░░░░░] │ fps= 1873 │ elapsed=00:58 │ eta=02:34
  Step 120,000/400,000 ( 30.0%) │ reward= 32.038 │ [██████████░░░░░░░░░░░░░░░] │ fps= 1871 │ elapsed=01:04 │ eta=02:29
  Step 130,000/400,000 ( 32.5%) │ reward= 32.335 │ [██████████░░░░░░░░░░░░░░░] │ fps= 1862 │ elapsed=01:09 │ eta=02:25
  Step 140,000/400,000 ( 35.0%) │ reward= 31.900 │ [█████████░░░░░░░░░░░░░░░░] │ fps= 1869 │ elapsed=01:14 │ eta=02:19
  Step 150,000/400,000 ( 37.5%) │ reward= 32.223 │ [██████████░░░░░░░░░░░░░░░] │ fps= 1875 │ elapsed=01:19 │ eta=02:13
  Step 160,000/400,000 ( 40.0%) │ reward= 32.681 │ [██████████░░░░░░░░░░░░░░░] │ fps= 1862 │ elapsed=01:25 │ eta=02:08
  Step 170,000/400,000 ( 42.5%) │ reward= 32.453 │ [██████████░░░░░░░░░░░░░░░] │ fps= 1865 │ elapsed=01:31 │ eta=02:03
  Step 180,000/400,000 ( 45.0%) │ reward= 32.929 │ [██████████░░░░░░░░░░░░░░░] │ fps= 1876 │ elapsed=01:35 │ eta=01:57
  Step 190,000/400,000 ( 47.5%) │ reward= 32.698 │ [██████████░░░░░░░░░░░░░░░] │ fps= 1880 │ elapsed=01:41 │ eta=01:51
  Step 200,000/400,000 ( 50.0%) │ reward= 33.021 │ [██████████░░░░░░░░░░░░░░░] │ fps= 1884 │ elapsed=01:46 │ eta=01:46
  Step 210,000/400,000 ( 52.5%) │ reward= 33.105 │ [██████████░░░░░░░░░░░░░░░] │ fps= 1887 │ elapsed=01:51 │ eta=01:40
  Step 220,000/400,000 ( 55.0%) │ reward= 32.797 │ [██████████░░░░░░░░░░░░░░░] │ fps= 1890 │ elapsed=01:56 │ eta=01:35
  Step 230,000/400,000 ( 57.5%) │ reward= 32.840 │ [██████████░░░░░░░░░░░░░░░] │ fps= 1892 │ elapsed=02:01 │ eta=01:29
  Step 240,000/400,000 ( 60.0%) │ reward= 33.047 │ [██████████░░░░░░░░░░░░░░░] │ fps= 1895 │ elapsed=02:06 │ eta=01:24
  Step 250,000/400,000 ( 62.5%) │ reward= 32.678 │ [██████████░░░░░░░░░░░░░░░] │ fps= 1896 │ elapsed=02:11 │ eta=01:19
  Step 260,000/400,000 ( 65.0%) │ reward= 33.151 │ [██████████░░░░░░░░░░░░░░░] │ fps= 1903 │ elapsed=02:16 │ eta=01:13
  Step 270,000/400,000 ( 67.5%) │ reward= 33.138 │ [██████████░░░░░░░░░░░░░░░] │ fps= 1905 │ elapsed=02:21 │ eta=01:08
  Step 280,000/400,000 ( 70.0%) │ reward= 33.087 │ [██████████░░░░░░░░░░░░░░░] │ fps= 1906 │ elapsed=02:26 │ eta=01:02
  Step 290,000/400,000 ( 72.5%) │ reward= 32.877 │ [██████████░░░░░░░░░░░░░░░] │ fps= 1907 │ elapsed=02:32 │ eta=00:57
  Step 300,000/400,000 ( 75.0%) │ reward= 32.999 │ [██████████░░░░░░░░░░░░░░░] │ fps= 1909 │ elapsed=02:37 │ eta=00:52
  Step 310,000/400,000 ( 77.5%) │ reward= 32.943 │ [██████████░░░░░░░░░░░░░░░] │ fps= 1910 │ elapsed=02:42 │ eta=00:47
  Step 320,000/400,000 ( 80.0%) │ reward= 33.119 │ [██████████░░░░░░░░░░░░░░░] │ fps= 1911 │ elapsed=02:47 │ eta=00:41
  Step 330,000/400,000 ( 82.5%) │ reward= 33.580 │ [██████████░░░░░░░░░░░░░░░] │ fps= 1912 │ elapsed=02:52 │ eta=00:36
  Step 340,000/400,000 ( 85.0%) │ reward= 33.330 │ [██████████░░░░░░░░░░░░░░░] │ fps= 1913 │ elapsed=02:57 │ eta=00:31
  Step 350,000/400,000 ( 87.5%) │ reward= 33.548 │ [██████████░░░░░░░░░░░░░░░] │ fps= 1918 │ elapsed=03:02 │ eta=00:26
  Step 360,000/400,000 ( 90.0%) │ reward= 33.422 │ [██████████░░░░░░░░░░░░░░░] │ fps= 1919 │ elapsed=03:07 │ eta=00:20
  Step 370,000/400,000 ( 92.5%) │ reward= 33.102 │ [██████████░░░░░░░░░░░░░░░] │ fps= 1919 │ elapsed=03:12 │ eta=00:15
  Step 380,000/400,000 ( 95.0%) │ reward= 33.952 │ [██████████░░░░░░░░░░░░░░░] │ fps= 1920 │ elapsed=03:17 │ eta=00:10
  Step 390,000/400,000 ( 97.5%) │ reward= 33.672 │ [██████████░░░░░░░░░░░░░░░] │ fps= 1921 │ elapsed=03:23 │ eta=00:05
  Step 400,000/400,000 (100.0%) │ reward= 34.114 │ [██████████░░░░░░░░░░░░░░░] │ fps= 1922 │ elapsed=03:28 │ eta=00:00

======================================================================
  TRAINING COMPLETE
  Total time:    03:29
  Model saved:   /home/praneeth-yeddu/teachrl/teachrl2/models/ppo_blind_teaching.zip
  Log file:      /home/praneeth-yeddu/teachrl/teachrl2/logs/run_20260426_112601/blind_teaching/training_blind_teaching.log
  Reward start:  28.6738 (mean of first 3 checkpoints)
  Reward end:    33.9124 (mean of last 3 checkpoints)
  Improvement:   +5.2386
  Peak reward:   34.1137 @ step 400,000
======================================================================
